[burgers] q=8 N=256 nu=3.0e-02 cfl=0.1 dt=3.9063e-04 n_steps=512 method=cole_hopf_circuit
[burgers] reference trajectory skipped (--no-classical-reference)
[burgers] running method=cole_hopf_circuit ...
[cole_hopf_circuit] propagator=qft-diagonal q=8 nu=3.0e-02 dt=3.9063e-04 n_steps=512 shots=0
[burgers] method done 39.87s
{
  "experiment_id": null,
  "algorithm": "burgers_cole_hopf_circuit",
  "q": 8,
  "N": 256,
  "nu": 0.03,
  "n_steps": 512,
  "ic": "sine",
  "ic_modes": null,
  "ic_seed": null,
  "ic_alpha": null,
  "ic_center": null,
  "ic_sigma": null,
  "ic_cole_hopf_coeffs": null,
  "classical_reference": false,
  "analytic_reference": null,
  "method": "cole_hopf_circuit",
  "bc": "periodic",
  "trotter_order": 1,
  "qalb_collision_trotter_reps": 0,
  "shots": 0,
  "t1": null,
  "t2": null,
  "backend_name": null,
  "final_error": NaN,
  "max_error": NaN,
  "classical_time_s": null,
  "method_time_s": 39.86783313751221,
  "exit_code": 0
}
