[burgers] q=8 N=256 nu=3.0e-02 cfl=0.1 dt=3.9063e-04 n_steps=512 method=ftcs_reference
[burgers] reference trajectory skipped (--no-classical-reference)
[burgers] running method=ftcs_reference ...
[burgers] resolved FTCS reference on 1024 pts (subsampled to N=256) ...
[burgers] method done 34.50s
{
  "experiment_id": null,
  "algorithm": "burgers_ftcs_reference",
  "q": 8,
  "N": 256,
  "nu": 0.03,
  "n_steps": 512,
  "shock_pct": null,
  "ic": "sine",
  "ic_modes": null,
  "ic_seed": null,
  "ic_alpha": null,
  "ic_center": null,
  "ic_sigma": null,
  "ic_cole_hopf_coeffs": null,
  "classical_reference": false,
  "analytic_reference": null,
  "method": "ftcs_reference",
  "bc": "periodic",
  "trotter_order": 1,
  "qalb_collision_trotter_reps": 0,
  "shots": 0,
  "t1": null,
  "t2": null,
  "backend_name": null,
  "final_error": NaN,
  "max_error": NaN,
  "classical_time_s": null,
  "method_time_s": 34.50274682044983,
  "exit_code": 0
}
